dwt_stm32_delay.h:20:22:DWT_Delay_us	24	static
main.c:106:6:USBH_HID_EventCallback	24	static
main.c:131:6:LeftButtonUp	8	static
main.c:134:6:LeftButtonDown	8	static
main.c:137:6:RightButtonUp	8	static
main.c:140:6:RightButtonDown	8	static
main.c:143:6:MiddleButtonUp	8	static
main.c:146:6:MiddleButtonDown	8	static
main.c:150:6:AMIGAHorizontalMove	8	static
main.c:162:6:AMIGAVerticalMove	8	static
main.c:173:6:AMIGA_Left	8	static
main.c:181:6:AMIGA_Right	8	static
main.c:186:6:AMIGA_Down	8	static
main.c:192:6:AMIGA_Up	8	static
main.c:205:5:main	8	static,ignoring_inline_asm
main.c:323:6:SystemClock_Config	88	static
main.c:367:13:MX_USART2_UART_Init	8	static
main.c:400:13:MX_GPIO_Init	48	static
main.c:450:6:Error_Handler	4	static,ignoring_inline_asm
